../Drivers/CMSIS/Include/core_cm4.h:2064:26:ITM_SendChar	16	static,ignoring_inline_asm
../Core/Src/main.c:103:5:main	8	static
../Core/Src/main.c:212:6:SystemClock_Config	160	static
../Core/Src/main.c:261:13:MX_I2C1_Init	8	static
../Core/Src/main.c:306:13:MX_SPI2_Init	8	static
../Core/Src/main.c:344:13:MX_TIM3_Init	64	static
../Core/Src/main.c:406:13:MX_USART1_UART_Init	8	static
../Core/Src/main.c:439:13:MX_USART2_UART_Init	8	static
../Core/Src/main.c:470:13:MX_DMA_Init	16	static
../Core/Src/main.c:496:13:MX_GPIO_Init	48	static
../Core/Src/main.c:554:5:_write	32	static
../Core/Src/main.c:569:6:Error_Handler	4	static,ignoring_inline_asm
